Running main() from /home/feetlover/C++/TCP/external/googletest/googletest/src/gtest_main.cc
[==========] Running 9 tests from 4 test suites.
[----------] Global test environment set-up.
[----------] 4 tests from VarIntEncode
[ RUN      ] VarIntEncode.Zero
[       OK ] VarIntEncode.Zero (0 ms)
[ RUN      ] VarIntEncode.SmallNumber
[       OK ] VarIntEncode.SmallNumber (0 ms)
[ RUN      ] VarIntEncode.TwoBytes
[       OK ] VarIntEncode.TwoBytes (0 ms)
[ RUN      ] VarIntEncode.MaxValue
[       OK ] VarIntEncode.MaxValue (0 ms)
[----------] 4 tests from VarIntEncode (0 ms total)

[----------] 1 test from VarIntRoundTrip
[ RUN      ] VarIntRoundTrip.SmallNumber
[       OK ] VarIntRoundTrip.SmallNumber (0 ms)
[----------] 1 test from VarIntRoundTrip (0 ms total)

[----------] 2 tests from PacketSerialize
[ RUN      ] PacketSerialize.CorrectByteOrder
[       OK ] PacketSerialize.CorrectByteOrder (0 ms)
[ RUN      ] PacketSerialize.EmptyData
[       OK ] PacketSerialize.EmptyData (0 ms)
[----------] 2 tests from PacketSerialize (0 ms total)

[----------] 2 tests from PacketRoundTrip
[ RUN      ] PacketRoundTrip.SerializeDeserialize
[       OK ] PacketRoundTrip.SerializeDeserialize (0 ms)
[ RUN      ] PacketRoundTrip.LargeId
[       OK ] PacketRoundTrip.LargeId (0 ms)
[----------] 2 tests from PacketRoundTrip (0 ms total)

[----------] Global test environment tear-down
[==========] 9 tests from 4 test suites ran. (0 ms total)
[  PASSED  ] 9 tests.
